[INFO] Scanning for projects...
[WARNING] 
[WARNING] Some problems were encountered while building the effective model for com.marketdata:market-data-service:jar:1.0-SNAPSHOT
[WARNING] 'dependencies.dependency.(groupId:artifactId:type:classifier)' must be unique: com.am.common:am-common-investment-model:jar -> duplicate declaration of version ${investment-model.version} @ line 108, column 21
[WARNING] 'dependencies.dependency.(groupId:artifactId:type:classifier)' must be unique: com.am.common:am-common-investment-service:jar -> duplicate declaration of version ${investment-service.version} @ line 113, column 21
[WARNING] 'dependencies.dependency.version' for com.upstox.api:upstox-java-sdk:jar is either LATEST or RELEASE (both of them are being deprecated) @ line 128, column 22
[WARNING] 
[WARNING] It is highly recommended to fix these problems because they threaten the stability of your build.
[WARNING] 
[WARNING] For this reason, future Maven versions might no longer support building such malformed projects.
[WARNING] 
[INFO] 
[INFO] -----------------< com.marketdata:market-data-service >-----------------
[INFO] Building Market Data Service Implementation 1.0-SNAPSHOT
[INFO]   from pom.xml
[INFO] --------------------------------[ jar ]---------------------------------
Downloading from github-am-common: https://maven.pkg.github.com/AM-Portfolio/am-common-data-parent/com/upstox/api/upstox-java-sdk/maven-metadata.xml
Downloading from github-investment: https://maven.pkg.github.com/AM-Portfolio/am-common-investment-service/com/upstox/api/upstox-java-sdk/maven-metadata.xml
[WARNING] Could not transfer metadata com.upstox.api:upstox-java-sdk/maven-metadata.xml from/to github-investment (https://maven.pkg.github.com/AM-Portfolio/am-common-investment-service): status code: 401, reason phrase: Unauthorized (401)
[WARNING] Could not transfer metadata com.upstox.api:upstox-java-sdk/maven-metadata.xml from/to github-am-common (https://maven.pkg.github.com/AM-Portfolio/am-common-data-parent): status code: 401, reason phrase: Unauthorized (401)
[WARNING] com.upstox.api:upstox-java-sdk/maven-metadata.xml failed to transfer from https://maven.pkg.github.com/AM-Portfolio/am-common-investment-service during a previous attempt. This failure was cached in the local repository and resolution will not be reattempted until the update interval of github-investment has elapsed or updates are forced. Original error: Could not transfer metadata com.upstox.api:upstox-java-sdk/maven-metadata.xml from/to github-investment (https://maven.pkg.github.com/AM-Portfolio/am-common-investment-service): status code: 401, reason phrase: Unauthorized (401)
[WARNING] com.upstox.api:upstox-java-sdk/maven-metadata.xml failed to transfer from https://maven.pkg.github.com/AM-Portfolio/am-common-data-parent during a previous attempt. This failure was cached in the local repository and resolution will not be reattempted until the update interval of github-am-common has elapsed or updates are forced. Original error: Could not transfer metadata com.upstox.api:upstox-java-sdk/maven-metadata.xml from/to github-am-common (https://maven.pkg.github.com/AM-Portfolio/am-common-data-parent): status code: 401, reason phrase: Unauthorized (401)
[INFO] 
[INFO] --- resources:3.3.1:resources (default-resources) @ market-data-service ---
[INFO] Copying 4 resources from src\main\resources to target\classes
[INFO] 
[INFO] --- compiler:3.11.0:compile (default-compile) @ market-data-service ---
[INFO] Changes detected - recompiling the module! :source
[INFO] Compiling 61 source files with javac [debug target 17] to target\classes
[INFO] -------------------------------------------------------------
[ERROR] COMPILATION ERROR : 
[INFO] -------------------------------------------------------------
[ERROR] /A:/InfraCode/AM-Portfolio/am-market-data/market-data-service/src/main/java/com/am/marketdata/service/MarketDataCacheService.java:[374,68] method getOHLC in class com.am.marketdata.service.MarketDataService cannot be applied to given types;
  required: java.util.List<java.lang.String>,com.am.marketdata.common.model.TimeFrame,boolean,java.lang.String
  found:    java.util.List<java.lang.String>,com.am.marketdata.common.model.TimeFrame,boolean
  reason: actual and formal argument lists differ in length
[ERROR] /A:/InfraCode/AM-Portfolio/am-market-data/market-data-service/src/main/java/com/marketdata/service/upstox/UpstoxMarketDataProvider.java:[165,35] cannot find symbol
  symbol:   method add(com.zerodhatech.models.HistoricalData)
  location: variable historicalData of type com.zerodhatech.models.HistoricalData
[ERROR] /A:/InfraCode/AM-Portfolio/am-market-data/market-data-service/src/main/java/com/marketdata/config/UpstoxApiConfig.java:[35,16] constructor UpstoxApiService in class com.marketdata.service.upstox.UpstoxApiService cannot be applied to given types;
  required: com.am.marketdata.upstock.client.UpStockClient
  found:    no arguments
  reason: actual and formal argument lists differ in length
[INFO] 3 errors 
[INFO] -------------------------------------------------------------
[INFO] ------------------------------------------------------------------------
[INFO] BUILD FAILURE
[INFO] ------------------------------------------------------------------------
[INFO] Total time:  19.456 s
[INFO] Finished at: 2025-12-14T19:31:27+05:30
[INFO] ------------------------------------------------------------------------
[ERROR] Failed to execute goal org.apache.maven.plugins:maven-compiler-plugin:3.11.0:compile (default-compile) on project market-data-service: Compilation failure: Compilation failure: 
[ERROR] /A:/InfraCode/AM-Portfolio/am-market-data/market-data-service/src/main/java/com/am/marketdata/service/MarketDataCacheService.java:[374,68] method getOHLC in class com.am.marketdata.service.MarketDataService cannot be applied to given types;
[ERROR]   required: java.util.List<java.lang.String>,com.am.marketdata.common.model.TimeFrame,boolean,java.lang.String
[ERROR]   found:    java.util.List<java.lang.String>,com.am.marketdata.common.model.TimeFrame,boolean
[ERROR]   reason: actual and formal argument lists differ in length
[ERROR] /A:/InfraCode/AM-Portfolio/am-market-data/market-data-service/src/main/java/com/marketdata/service/upstox/UpstoxMarketDataProvider.java:[165,35] cannot find symbol
[ERROR]   symbol:   method add(com.zerodhatech.models.HistoricalData)
[ERROR]   location: variable historicalData of type com.zerodhatech.models.HistoricalData
[ERROR] /A:/InfraCode/AM-Portfolio/am-market-data/market-data-service/src/main/java/com/marketdata/config/UpstoxApiConfig.java:[35,16] constructor UpstoxApiService in class com.marketdata.service.upstox.UpstoxApiService cannot be applied to given types;
[ERROR]   required: com.am.marketdata.upstock.client.UpStockClient
[ERROR]   found:    no arguments
[ERROR]   reason: actual and formal argument lists differ in length
[ERROR] -> [Help 1]
[ERROR] 
[ERROR] To see the full stack trace of the errors, re-run Maven with the -e switch.
[ERROR] Re-run Maven using the -X switch to enable full debug logging.
[ERROR] 
[ERROR] For more information about the errors and possible solutions, please read the following articles:
[ERROR] [Help 1] http://cwiki.apache.org/confluence/display/MAVEN/MojoFailureException
